['LNAME_DICT', 'LNAME_ITEM', 'LNAME_KEY', 'LNAME_LIST', 'Record', 'XML', 'XNAMEF_REST', 'XNAME_DICT', 'XNAME_ITEM', 'XNAME_KEY', 'XNAME_LIST', '__all__', '__builtins__', '__doc__', '__file__', '__name__', '__package__', 'hasattrs', 'isdict', 'isitem', 'iskey', 'islist', 'load', 'load_attrs', 'load_dict', 'load_elem', 'load_list', 'load_root', 'load_value', 'localname', 'record', 'sys']
