['Collection', 'Conf', 'Confs', 'Context', 'Endpoint', 'Entity', 'HTTPError', 'INPUT_KINDMAP', 'Index', 'Input', 'Inputs', 'Job', 'Jobs', 'MATCH_ENTRY_CONTENT', 'Message', 'NotSupportedError', 'OperationError', 'PATH_APPS', 'PATH_CAPABILITIES', 'PATH_CONF', 'PATH_CONFS', 'PATH_INDEXES', 'PATH_INPUTS', 'PATH_JOBS', 'PATH_LOGGER', 'PATH_MESSAGES', 'PATH_ROLES', 'PATH_STANZA', 'PATH_USERS', 'Service', 'Settings', 'Stanza', 'Users', 'XNAMEF_ATOM', 'XNAME_CONTENT', 'XNAME_ENTRY', '__all__', '__builtins__', '__doc__', '__file__', '__name__', '__package__', '_filter_content', '_load_atom', '_parse_atom_entry', '_path', '_path_conf', 'connect', 'data', 'quote', 'record', 'sleep', 'urlencode']

