['Context', 'DEFAULT_HOST', 'DEFAULT_PORT', 'DEFAULT_SCHEME', 'HTTPError', 'HttpLib', 'ResponseReader', 'XML', '__all__', '__builtins__', '__doc__', '__file__', '__loader__', '__name__', '__package__', 'connect', 'encode', 'handler', 'httplib', 'prefix', 'read_error_message', 'record', 'socket', 'spliturl', 'ssl', 'urllib']
